<html>
<body>
<pre>
<h1>µVision Build Log</h1>
<h2>Tool Versions:</h2>
IDE-Version: •ÏVision V5.21.1.0
Copyright (C) 2016 ARM Ltd and ARM Germany GmbH. All rights reserved.
License Information: Jeong min Han, Kangwon Univ, LIC=----
 
Tool Versions:
Toolchain:       MDK-Lite  Version: 5.21a
Toolchain Path:  C:\Keil_v5\ARM\ARMCC\Bin
C Compiler:      Armcc.exe V5.06 update 3 (build 300)
Assembler:       Armasm.exe V5.06 update 3 (build 300)
Linker/Locator:  ArmLink.exe V5.06 update 3 (build 300)
Library Manager: ArmAr.exe V5.06 update 3 (build 300)
Hex Converter:   FromElf.exe V5.06 update 3 (build 300)
CPU DLL:         SARMCM3.DLL V5.21a
Dialog DLL:      DCM.DLL V1.13.8.0
Target DLL:      STLink\ST-LINKIII-KEIL_SWO.dll V2.0.18.0
Dialog DLL:      TCM.DLL V1.14.14.0
 
<h2>Project:</h2>
D:\Programming\Keil Studio\Seat Project[Prototype]\Seat_Project\MDK-ARM\Seat_Project.uvprojx
Project File Date:  11/16/2016

<h2>Output:</h2>
*** Using Compiler 'V5.06 update 3 (build 300)', folder: 'C:\Keil_v5\ARM\ARMCC\Bin'
Rebuild target 'Seat_Project'
compiling stm32f1xx_hal_cortex.c...
compiling stm32f1xx_hal_pwr.c...
compiling stm32f1xx_hal_gpio.c...
compiling stm32f1xx_hal_flash.c...
compiling stm32f1xx_hal_uart.c...
compiling stm32f1xx_hal_tim_ex.c...
compiling stm32f1xx_hal_rtc_ex.c...
compiling stm32f1xx_hal_i2c.c...
../Drivers/STM32F1xx_HAL_Driver/Src/stm32f1xx_hal_i2c.c(3907): warning:  #177-D: variable "tickstart" was declared but never referenced
    uint32_t tickstart = 0;
../Drivers/STM32F1xx_HAL_Driver/Src/stm32f1xx_hal_i2c.c: 1 warning, 0 errors
compiling stm32f1xx_hal_tim.c...
compiling stm32f1xx_hal_flash_ex.c...
compiling stm32f1xx_hal.c...
compiling stm32f1xx_hal_gpio_ex.c...
compiling stm32f1xx_hal_rcc_ex.c...
compiling stm32f1xx_hal_rtc.c...
compiling stm32f1xx_hal_dma.c...
compiling stm32f1xx_hal_msp.c...
compiling stm32f1xx_hal_rcc.c...
compiling main.c...
../Src/main.c(74): warning:  #167-D: argument of type "volatile uint8_t *" is incompatible with parameter of type "uint8_t *"
  	result = Bluetooth_Receive_IT(RxBuffer, 
UFFER_SIZE) ;
../Src/main.c(87): warning:  #223-D: function "strcpy" declared implicitly
  			strcpy(tempBuffer, RxBuffer);
../Src/main.c(89): warning:  #223-D: function "strlen" declared implicitly
  			resultPacket = releasePacket(&recvPacket, tempBuffer, strlen(tempBuffer));
../Src/main.c(141): warning:  #167-D: argument of type "volatile struct Packet *" is incompatible with parameter of type "struct Packet *"
  					result = Bluetooth_Send_Packet_Polling(&transPacket, 1000);
../Src/main.c(166): warning:  #167-D: argument of type "volatile struct Packet *" is incompatible with parameter of type "struct Packet *"
  				result = Bluetooth_Send_Packet_Polling(&transPacket, 1000);
../Src/main.c(174): warning:  #167-D: argument of type "volatile uint8_t *" is incompatible with parameter of type "uint8_t *"
  			result = Bluetooth_Receive_IT(RxBuffer, 
ART_BUFFER_SIZE) ;
../Src/main.c(229): warning:  #167-D: argument of type "volatile struct Touch_Data *" is incompatible with parameter of type "struct Touch_Data *"
  						setSensor_Idle(&sensorData);
../Src/main.c: 7 warnings, 0 errors
compiling stm32f1xx_it.c...
compiling I2C_MPR121.c...
..\Src\I2C_MPR121.c(371): warning:  #940-D: missing return statement at end of non-void function "MPR121_Receive_1byte_Polling"
  }
..\Src\I2C_MPR121.c(421): warning:  #167-D: argument of type "volatile struct Touch_Data *" is incompatible with parameter of type "struct Touch_Data *"
  			resultData = setSensor_Idle(data);
..\Src\I2C_MPR121.c(426): warning:  #167-D: argument of type "volatile struct Touch_Data *" is incompatible with parameter of type "struct Touch_Data *"
  		resultData = getValueDiff(data);
..\Src\I2C_MPR121.c(430): warning:  #167-D: argument of type "volatile struct Touch_Data *" is incompatible with parameter of type "struct Touch_Data *"
  		resultData = getPosition(data);
..\Src\I2C_MPR121.c(835): warning:  #1-D: last line of file ends without a newline
  }
..\Src\I2C_MPR121.c: 5 warnings, 0 errors
compiling RTC_Android.c...
..\Src\RTC_Android.c(233): warning:  #186-D: pointless comparison of unsigned integer with zero
  	if(androidTime->year < 0){
..\Src\RTC_Android.c(384): warning:  #223-D: function "abs" declared implicitly
  	resultSeconds = abs(resultSeconds);
..\Src\RTC_Android.c: 2 warnings, 0 errors
compiling Battery_Check.c...
compiling Save_Power.c...
compiling Indicator.c...
compiling Timer.c...
assembling startup_stm32f103xb.s...
compiling Uart.c...
Uart.c(414): warning:  #550-D: variable "temp_data" was set but never used
  	uint8_t temp_data = 0;
Uart.c(700): warning:  #167-D: argument of type "volatile uint8_t *" is incompatible with parameter of type "char *restrict"
  			sprintf(&destination[1], "%1d~%02d,%02d,%02d,%02d~%03d,%03d,%03d,%03d,%03d,%03d,%03d,%03d,%03d~%+04d,%+04d"
Uart.c(707): warning:  #223-D: function "strlen" declared implicitly
  			index = packet->length = strlen(&destination[1]);
Uart.c(712): warning:  #167-D: argument of type "volatile uint8_t *" is incompatible with parameter of type "char *restrict"
  			sprintf(&destination[packet->length - 1], "~%02d", packet->length);
Uart.c(717): warning:  #167-D: argument of type "volatile uint8_t *" is incompatible with parameter of type "char *restrict"
  				sprintf(&destination[1], "%1d~%03d,%03d,%03d,%03d,%03d,%03d,%03d,%03d,%03d~%+04d,%+04d"
Uart.c(723): warning:  #223-D: function "strlen" declared implicitly
  			index = packet->length = strlen(&destination[1]);
Uart.c(727): warning:  #167-D: argument of type "volatile uint8_t *" is incompatible with parameter of type "char *restrict"
  			sprintf(&destination[packet->length - 1], "~%02d", packet->length);
Uart.c: 7 warnings, 0 errors
compiling system_stm32f1xx.c...
linking...
Program Size: Code=22392 RO-data=376 RW-data=148 ZI-data=3748  
"Seat_Project\Seat_Project.axf" - 0 Error(s), 22 Warning(s).

<h2>Software Packages used:</h2>

Package Vendor: ARM
                http://www.keil.com/pack/ARM.CMSIS.5.0.0-Beta4.pack
                ARM::CMSIS:CORE:5.0.0
                CMSIS (Cortex Microcontroller Software Interface Standard)
   * Component: CORE Version: 5.0.0

<h2>Collection of Component include folders:</h2>
  D:\Programming\Keil Studio\Seat Project[Prototype]\Seat_Project\MDK-ARM\RTE
  C:\Keil_v5\ARM\PACK\ARM\CMSIS\5.0.0-Beta4\CMSIS\Include
  C:\Keil_v5\ARM\PACK\Keil\STM32F1xx_DFP\2.1.0\Device\Include

<h2>Collection of Component Files used:</h2>

   * Component: ARM::CMSIS:CORE:5.0.0
Build Time Elapsed:  00:00:41
</pre>
</body>
</html>
