<html>
<body>
<pre>
<h1>µVision Build Log</h1>
<h2>Tool Versions:</h2>
IDE-Version: •ÏVision V5.21.1.0
Copyright (C) 2016 ARM Ltd and ARM Germany GmbH. All rights reserved.
License Information: Jeong min Han, Kangwon Univ, LIC=----
 
Tool Versions:
Toolchain:       MDK-Lite  Version: 5.21a
Toolchain Path:  C:\Keil_v5\ARM\ARMCC\Bin
C Compiler:      Armcc.exe V5.06 update 3 (build 300)
Assembler:       Armasm.exe V5.06 update 3 (build 300)
Linker/Locator:  ArmLink.exe V5.06 update 3 (build 300)
Library Manager: ArmAr.exe V5.06 update 3 (build 300)
Hex Converter:   FromElf.exe V5.06 update 3 (build 300)
CPU DLL:         SARMCM3.DLL V5.21a
Dialog DLL:      DCM.DLL V1.13.8.0
Target DLL:      STLink\ST-LINKIII-KEIL_SWO.dll V2.0.18.0
Dialog DLL:      TCM.DLL V1.14.14.0
 
<h2>Project:</h2>
D:\Programming\Keil Studio\Seat Project[Prototype]\Seat_Project\MDK-ARM\Seat_Project.uvprojx
Project File Date:  11/06/2016

<h2>Output:</h2>
*** Using Compiler 'V5.06 update 3 (build 300)', folder: 'C:\Keil_v5\ARM\ARMCC\Bin'
Rebuild target 'Seat_Project'
compiling stm32f1xx_hal_cortex.c...
compiling stm32f1xx_hal_pwr.c...
compiling stm32f1xx_hal_gpio.c...
compiling stm32f1xx_hal_tim_ex.c...
compiling stm32f1xx_hal_flash.c...
compiling stm32f1xx_hal_uart.c...
compiling stm32f1xx_hal_tim.c...
compiling stm32f1xx_hal_rtc_ex.c...
compiling stm32f1xx_hal_i2c.c...
compiling stm32f1xx_hal.c...
compiling stm32f1xx_hal_gpio_ex.c...
compiling stm32f1xx_hal_flash_ex.c...
compiling stm32f1xx_hal_rcc_ex.c...
compiling stm32f1xx_hal_rtc.c...
compiling stm32f1xx_hal_dma.c...
compiling stm32f1xx_hal_msp.c...
compiling main.c...
../Src/main.c(64): warning:  #167-D: argument of type "volatile uint8_t *" is incompatible with parameter of type "uint8_t *"
  	result = Bluetooth_Receive_IT(RxBuffer, 64) ;
../Src/main.c(98): warning:  #167-D: argument of type "volatile struct Date *" is incompatible with parameter of type "struct Date *"
  				RTC_getTime(&transPacket.date);
../Src/main.c(115): warning:  #167-D: argument of type "volatile struct Packet *" is incompatible with parameter of type "struct Packet *"
  				result = Bluetooth_Send_Packet_Polling(&transPacket, 1000);
../Src/main.c(121): warning:  #167-D: argument of type "volatile uint8_t *" is incompatible with parameter of type "uint8_t *"
  			result = Bluetooth_Receive_IT(RxBuffer, 
ART_BUFFER_SIZE) ;
../Src/main.c(142): warning:  #223-D: function "strcpy" declared implicitly
  	strcpy(tempBuffer, RxBuffer);
../Src/main.c: 5 warnings, 0 errors
compiling stm32f1xx_hal_rcc.c...
compiling stm32f1xx_it.c...
compiling RTC_Android.c...
compiling I2C_MPR121.c...
compiling Timer.c...
assembling startup_stm32f103xb.s...
compiling system_stm32f1xx.c...
compiling Uart.c...
Uart.c(142): warning:  #513-D: a value of type "volatile struct Packet *" cannot be assigned to an entity of type "struct Packet *"
  		packet = &queuePacket[head];
Uart.c(139): warning:  #550-D: parameter "packet" was set but never used
  Queue_Status Pop(struct Packet* packet){
Uart.c(695): warning:  #167-D: argument of type "volatile uint8_t *" is incompatible with parameter of type "char *restrict"
  			sprintf(&destination[1], "%1d~%02d,%02d,%02d,%02d~%03d,%03d,%03d,%03d,%03d,%03d,%03d,%03d,%03d~%+04d,%+04d"
Uart.c(702): warning:  #223-D: function "strlen" declared implicitly
  			index = packet->length = strlen(&destination[1]);
Uart.c(707): warning:  #167-D: argument of type "volatile uint8_t *" is incompatible with parameter of type "char *restrict"
  			sprintf(&destination[packet->length - 1], "~%02d", packet->length);
Uart.c(712): warning:  #167-D: argument of type "volatile uint8_t *" is incompatible with parameter of type "char *restrict"
  				sprintf(&destination[1], "%1d~%03d,%03d,%03d,%03d,%03d,%03d,%03d,%03d,%03d~%+04d,%+04d"
Uart.c(718): warning:  #223-D: function "strlen" declared implicitly
  			index = packet->length = strlen(&destination[1]);
Uart.c(722): warning:  #167-D: argument of type "volatile uint8_t *" is incompatible with parameter of type "char *restrict"
  			sprintf(&destination[packet->length - 1], "~%02d", packet->length);
Uart.c: 8 warnings, 0 errors
linking...
Program Size: Code=13650 RO-data=378 RW-data=220 ZI-data=3500  
"Seat_Project\Seat_Project.axf" - 0 Error(s), 13 Warning(s).

<h2>Software Packages used:</h2>

Package Vendor: ARM
                http://www.keil.com/pack/ARM.CMSIS.5.0.0-Beta4.pack
                ARM::CMSIS:CORE:5.0.0
                CMSIS (Cortex Microcontroller Software Interface Standard)
   * Component: CORE Version: 5.0.0

<h2>Collection of Component include folders:</h2>
  D:\Programming\Keil Studio\Seat Project[Prototype]\Seat_Project\MDK-ARM\RTE
  C:\Keil_v5\ARM\PACK\ARM\CMSIS\5.0.0-Beta4\CMSIS\Include
  C:\Keil_v5\ARM\PACK\Keil\STM32F1xx_DFP\2.1.0\Device\Include

<h2>Collection of Component Files used:</h2>

   * Component: ARM::CMSIS:CORE:5.0.0
Build Time Elapsed:  00:00:24
</pre>
</body>
</html>
